>/Users/kouyoumd/ghdl/ghdl-0.35-llvm-macosx/lib/ghdl/v08/std/
../../src/std/textio.v08
>/Users/kouyoumd/ghdl/ghdl-0.35-llvm-macosx/lib/ghdl/v08/std/
../../src/std/textio_body.v08
>/Users/kouyoumd/ghdl/ghdl-0.35-llvm-macosx/lib/ghdl/v08/ieee/
../../src/ieee2008/std_logic_1164.vhdl
>/Users/kouyoumd/ghdl/ghdl-0.35-llvm-macosx/lib/ghdl/v08/ieee/
../../src/ieee2008/std_logic_1164-body.vhdl
>/Users/kouyoumd/ghdl/ghdl-0.35-llvm-macosx/lib/ghdl/v08/ieee/
../../src/ieee2008/numeric_std.vhdl
>/Users/kouyoumd/ghdl/ghdl-0.35-llvm-macosx/lib/ghdl/v08/ieee/
../../src/ieee2008/numeric_std-body.vhdl
>
simty_pkg.vhd
>
simty_test.vhd
>
simty.vhd
>
initialize.vhd
>
fetch_steering.vhd
>
fetch.vhd
>
predecode.vhd
>
schedule.vhd
>
ffs.vhd
>
collect.vhd
>
banked_rf.vhd
>
sram.vhd
>
decode.vhd
>
execute.vhd
>
salu.vhd
>
funnel_shifter.vhd
>
csr.vhd
>
convergence_tracker_ct.vhd
>
context_compact_sort.vhd
>
hot_context_table.vhd
>
cold_context_table.vhd
>
branch.vhd
>
coalescing.vhd
>
gather.vhd
>
load_fifo.vhd
>
scratchpad.vhd
>
testio.vhd
>/Users/kouyoumd/ghdl/ghdl-0.35-llvm-macosx/lib/ghdl/v08/ieee/
../../src/ieee2008/std_logic_textio.vhdl
>
instruction_memory.vhd
>
instruction_rom.vhd
>
simty_output_test.vhd
